### `www.example.com. A`: answered, secure

walked on 2026-09-24 12:00 UTC

```
. (root)
└── a.root-servers.net. 198.41.0.4  @fra2  12ms  NOERROR  referral → com.  cookie  [insecure]
    ├── b.gtld-servers.net. 192.33.14.30  2s  timeout
    └── a.gtld-servers.net. 192.5.6.30  18ms  NOERROR  referral → example.com.  [secure ECDSAP256SHA256/SHA256]  (truncated over udp)
        ├── a.iana-servers.net. 199.43.135.53  AS10745  9.4ms  1187 of 1232 bytes  NOERROR  AA DO  [secure ECDSAP256SHA256]
        │   ├── www.example.com. 3600 A 93.184.216.34
        │   └── a.iana-servers.net. 199.43.135.53  8ms  NOERROR  AA  (DNSKEY of example.com.)
        └── b.iana-servers.net. 199.43.133.53  (not queried)
differs: 198.51.100.53 answers 198.51.100.1, 198.51.100.2, 198.51.100.3 (and 1 more), the walk found 93.184.216.34
caa: none at www.example.com.; example.com. decides it [secure ECDSAP256SHA256]
caa: may issue: letsencrypt.org; wildcards: nobody
spf: www.example.com. takes at least 5 of 10 lookups, at least 1 of 2 finding nothing, asked of 192.0.2.53
├── include:_spf.example.net (lookup 1)
│   ├── 1 address range
│   └── ~all
├── mx (lookup 2, 1 mail server)
├── exists:%{i}.x.example.com (lookup 3, depends on the sender)
├── a:gone.example.com (lookup 4, found nothing): lookup 3 to find nothing, past the limit of 2
├── ptr (lookup 5, depends on the sender): it rests on the sender's reverse zone
├── -all
└── never reached: redirect=never.example.net
spf: undecided: the budget ran out
rdap: example.com. expired 42 days ago, on 2026-08-13: renew it before the registry lets it go
rdap: status: client delete prohibited, client transfer prohibited
rdap: nameservers: only the registry holds b.iana-servers.net.; only com. hands out c.iana-servers.net.
rdap: DS: only the registry holds key 370; only com. hands out key 2371
rdap: a change is stuck between the registry and the zone, or the registry's copy is stale
warning: the delegation to example.com. lists a nameserver the zone does not
✔ answered in 42ms · without ns1.example.com., 192.0.2.0/24 · resolvers in 9ms-23ms (1 of 3 differ, 1 did not answer) · 5 queries · 4 servers
```

**what happened**

- www.example.com. A is 93.184.216.34, answered by a.iana-servers.net. for example.com.
- a cache may hold this answer for 1 hour, and the delegation to example.com. for 2 days
- 198.51.100.53 is answering this from its cache, with 1 minute left on the copy it is serving
- the chain of trust holds from the root to example.com., signed with ECDSAP256SHA256
- ⚠ the registration of example.com. ran out 42 days ago, and the registry may let it go
- ⚠ the registry holds a delegation of example.com. that com. does not hand out: a change is stuck between them, or the registry's copy is stale
- ⚠ 1 server did not answer in time: b.gtld-servers.net.
- ⚠ 1 server answered with almost nothing left of the datagram the answer had to fit in (a.iana-servers.net. with 1187 of 1232 bytes), so one more record in the zone truncates it, and every resolver that asks then pays a second round trip over TCP for the whole of it
- the CAA set at example.com. lets only letsencrypt.org issue for www.example.com., and no certificate authority issue wildcards below it
- ⚠ the SPF policy of www.example.com. could not be followed to its end: the budget ran out
- ⚠ 198.51.100.53 answered this question differently, which a name whose answer is tailored to where it is asked from does honestly, and nothing else should

**resolvers**

| resolver | answer | time |
| --- | --- | --- |
| 192.0.2.53 | agrees | 23ms |
| 198.51.100.53:5353 | differs: `198.51.100.1`, `198.51.100.2`, `198.51.100.3` (and 1 more) | 9ms |
| 203.0.113.53 | did not answer | - |
