# TYPE dnstree_result gauge
# HELP dnstree_result how the walk ended, one of answer, cname, nodata, nxdomain, filtered or none
dnstree_result{name="www.example.com.",type="A",kind="answer"} 1
dnstree_result{name="www.example.com.",type="A",kind="cname"} 0
dnstree_result{name="www.example.com.",type="A",kind="nodata"} 0
dnstree_result{name="www.example.com.",type="A",kind="nxdomain"} 0
dnstree_result{name="www.example.com.",type="A",kind="filtered"} 0
dnstree_result{name="www.example.com.",type="A",kind="none"} 0
# TYPE dnstree_walk_seconds gauge
# UNIT dnstree_walk_seconds seconds
# HELP dnstree_walk_seconds how long the walk took
dnstree_walk_seconds{name="www.example.com.",type="A"} 2.041
# TYPE dnstree_queries gauge
# HELP dnstree_queries the queries the walk sent
dnstree_queries{name="www.example.com.",type="A"} 5
# TYPE dnstree_failed_queries gauge
# HELP dnstree_failed_queries the queries that timed out, failed or reached a lame server
dnstree_failed_queries{name="www.example.com.",type="A"} 1
# TYPE dnstree_hop_seconds gauge
# UNIT dnstree_hop_seconds seconds
# HELP dnstree_hop_seconds how long each query on the path took, a timeout included
dnstree_hop_seconds{name="www.example.com.",type="A",zone=".",server="a.root-servers.net.",address="198.41.0.4",asked="www.example.com."} 0.012
dnstree_hop_seconds{name="www.example.com.",type="A",zone="com.",server="b.gtld-servers.net.",address="192.33.14.30",asked="www.example.com."} 2
dnstree_hop_seconds{name="www.example.com.",type="A",zone="com.",server="a.gtld-servers.net.",address="192.5.6.30",asked="www.example.com."} 0.018
dnstree_hop_seconds{name="www.example.com.",type="A",zone="example.com.",server="a.iana-servers.net.",address="199.43.135.53",asked="www.example.com."} 0.0094
# TYPE dnstree_dnssec gauge
# HELP dnstree_dnssec how far the chain of trust got, one of secure, insecure, bogus or indeterminate
dnstree_dnssec{name="www.example.com.",type="A",state="secure"} 1
dnstree_dnssec{name="www.example.com.",type="A",state="insecure"} 0
dnstree_dnssec{name="www.example.com.",type="A",state="bogus"} 0
dnstree_dnssec{name="www.example.com.",type="A",state="indeterminate"} 0
# TYPE dnstree_signature_left_seconds gauge
# UNIT dnstree_signature_left_seconds seconds
# HELP dnstree_signature_left_seconds how long the first signature to run out had left when the walk was made
dnstree_signature_left_seconds{name="www.example.com.",type="A"} 129600
# TYPE dnstree_cds gauge
# HELP dnstree_cds what the zone asks its parent to publish, held against the DS it holds
dnstree_cds{name="www.example.com.",type="A",state="none"} 0
dnstree_cds{name="www.example.com.",type="A",state="match"} 0
dnstree_cds{name="www.example.com.",type="A",state="pending"} 1
dnstree_cds{name="www.example.com.",type="A",state="delete"} 0
dnstree_cds{name="www.example.com.",type="A",state="inconsistent"} 0
dnstree_cds{name="www.example.com.",type="A",state="unchecked"} 0
# TYPE dnstree_resolver_seconds gauge
# UNIT dnstree_resolver_seconds seconds
# HELP dnstree_resolver_seconds how long each recursive server took to answer the same question
dnstree_resolver_seconds{name="www.example.com.",type="A",resolver="192.0.2.53"} 0.023
dnstree_resolver_seconds{name="www.example.com.",type="A",resolver="192.0.2.54"} 0.031
# TYPE dnstree_resolver_agrees gauge
# HELP dnstree_resolver_agrees whether each recursive server answered what the walk found
dnstree_resolver_agrees{name="www.example.com.",type="A",resolver="192.0.2.53"} 1
dnstree_resolver_agrees{name="www.example.com.",type="A",resolver="192.0.2.54"} 0
# TYPE dnstree_warnings gauge
# HELP dnstree_warnings what the walk could not do
dnstree_warnings{name="www.example.com.",type="A"} 1
# EOF
