{
  "schema_version": 4,
  "question": {
    "name": "www.example.com.",
    "type": "A",
    "class": "IN"
  },
  "elapsed_ms": 41.5,
  "started": "2026-09-24T12:00:00Z",
  "resolvers": [
    {
      "server": {
        "ip": "192.0.2.53",
        "port": 53
      },
      "elapsed_ms": 23,
      "rcode": "NOERROR"
    }
  ],
  "root": {
    "zone": ".",
    "kind": "zone",
    "children": [
      {
        "zone": ".",
        "kind": "referral",
        "server": {
          "name": "a.root-servers.net.",
          "ip": "198.41.0.4",
          "port": 53
        },
        "asked": {
          "name": "www.example.com.",
          "type": "A"
        },
        "proto": "udp",
        "rtt_ms": 12,
        "size_bytes": 745,
        "limit_bytes": 1232,
        "rcode": "NOERROR",
        "nsid": "fra2",
        "cookie": "supported",
        "delegation": {
          "zone": "com.",
          "ttl": 172800,
          "ns": [
            "a.gtld-servers.net."
          ],
          "ds_present": true,
          "csync": {
            "state": "ready",
            "serial": 2024091501,
            "immediate": true,
            "soaminimum": true,
            "types": [
              "A",
              "NS",
              "AAAA"
            ],
            "zone_serial": 2024091502,
            "changes": [
              {
                "add": true,
                "type": "NS",
                "name": "ns3.com."
              },
              {
                "add": false,
                "type": "NS",
                "name": "ns4.com."
              },
              {
                "add": true,
                "type": "A",
                "name": "ns3.com.",
                "data": "192.0.2.6"
              }
            ]
          }
        },
        "dnssec": {
          "state": "insecure",
          "reason": "the parent published no DS",
          "signal": {
            "state": "pending",
            "reason": "the zone asks for key 2371 and the parent holds no key",
            "requested": [
              2371
            ],
            "bootstrap": {
              "state": "refused",
              "reason": "no signal under ns2.provider.net.",
              "signals": [
                {
                  "ns": "ns1.provider.net.",
                  "name": "_dsboot.com._signal.ns1.provider.net.",
                  "state": "matched",
                  "requested": [
                    2371
                  ],
                  "lookup": {
                    "name": "_dsboot.com._signal.ns1.provider.net.",
                    "dnssec": {
                      "state": "secure",
                      "zone": "provider.net."
                    }
                  }
                },
                {
                  "ns": "ns2.provider.net.",
                  "name": "_dsboot.com._signal.ns2.provider.net.",
                  "state": "missing",
                  "reason": "the operator's zone proves there is none",
                  "lookup": {
                    "name": "_dsboot.com._signal.ns2.provider.net.",
                    "dnssec": {
                      "state": "secure",
                      "zone": "provider.net."
                    }
                  }
                },
                {
                  "ns": "ns.com.",
                  "state": "unasked",
                  "reason": "it is named inside the zone, which is not secure yet"
                }
              ]
            }
          }
        },
        "children": [
          {
            "zone": "com.",
            "kind": "timeout",
            "server": {
              "name": "b.gtld-servers.net.",
              "ip": "192.33.14.30",
              "port": 53
            },
            "asked": {
              "name": "www.example.com.",
              "type": "A"
            },
            "proto": "udp",
            "rtt_ms": 2000,
            "error": "udp 192.33.14.30:53: i/o timeout"
          },
          {
            "zone": "com.",
            "kind": "referral",
            "server": {
              "name": "a.gtld-servers.net.",
              "ip": "192.5.6.30",
              "port": 53
            },
            "asked": {
              "name": "www.example.com.",
              "type": "A"
            },
            "proto": "tcp",
            "rtt_ms": 18,
            "size_bytes": 1840,
            "rcode": "NOERROR",
            "notes": [
              "truncated over udp"
            ],
            "delegation": {
              "zone": "example.com.",
              "ttl": 172800,
              "ns": [
                "a.iana-servers.net.",
                "ns.outside.example."
              ],
              "glue": {
                "a.iana-servers.net.": [
                  "199.43.135.53"
                ]
              },
              "out_of_bailiwick": [
                "ns.outside.example."
              ],
              "ds_present": true
            },
            "dnssec": {
              "state": "secure",
              "algorithm": "ECDSAP256SHA256",
              "digest": "SHA256",
              "keys": [
                {
                  "tag": 31589,
                  "algorithm": "ECDSAP256SHA256",
                  "sep": true,
                  "pointed": true,
                  "signs": true
                },
                {
                  "tag": 20757,
                  "algorithm": "RSASHA256",
                  "bits": 2048
                }
              ],
              "ds": [
                {
                  "tag": 31589,
                  "algorithm": "ECDSAP256SHA256",
                  "digest": "SHA256",
                  "match": "matched"
                }
              ],
              "keys_ttl": 3600,
              "ds_ttl": 86400
            },
            "children": [
              {
                "zone": "example.com.",
                "kind": "answer",
                "server": {
                  "name": "a.iana-servers.net.",
                  "ip": "199.43.135.53",
                  "port": 53,
                  "asn": {
                    "number": 10745,
                    "prefix": "199.43.132.0/22",
                    "country_code": "US",
                    "registry": "arin",
                    "allocated": "2010-03-30"
                  }
                },
                "asked": {
                  "name": "www.example.com.",
                  "type": "A"
                },
                "proto": "udp",
                "rtt_ms": 9.4,
                "size_bytes": 1187,
                "limit_bytes": 1232,
                "tight": true,
                "rcode": "NOERROR",
                "flags": {
                  "aa": true,
                  "do": true,
                  "edns": true
                },
                "records": [
                  {
                    "name": "www.example.com.",
                    "ttl": 3600,
                    "type": "A",
                    "data": "93.184.216.34"
                  }
                ],
                "dnssec": {
                  "state": "secure",
                  "zone": "example.com.",
                  "key_tags": [
                    31589
                  ],
                  "algorithm": "ECDSAP256SHA256",
                  "signatures": [
                    {
                      "inception": "2026-09-16T12:00:00Z",
                      "expiration": "2026-09-30T12:00:00Z"
                    }
                  ]
                },
                "children": [
                  {
                    "zone": "example.com.",
                    "kind": "answer",
                    "server": {
                      "name": "a.iana-servers.net.",
                      "ip": "199.43.135.53",
                      "port": 53
                    },
                    "asked": {
                      "name": "example.com.",
                      "type": "DNSKEY"
                    },
                    "proto": "udp",
                    "rtt_ms": 8,
                    "rcode": "NOERROR",
                    "flags": {
                      "aa": true
                    },
                    "notes": [
                      "DNSKEY of example.com."
                    ],
                    "aside": true
                  }
                ]
              },
              {
                "zone": "example.com.",
                "kind": "skipped",
                "server": {
                  "name": "b.iana-servers.net.",
                  "ip": "199.43.133.53",
                  "port": 53
                }
              }
            ]
          }
        ]
      }
    ]
  },
  "warnings": [
    "the delegation to example.com. lists a nameserver the zone does not"
  ],
  "without": [
    "ns1.example.com.",
    "192.0.2.0/24"
  ],
  "caa": {
    "asked": [
      {
        "name": "www.example.com.",
        "found": "none"
      },
      {
        "name": "example.com.",
        "found": "set"
      }
    ],
    "owner": "example.com.",
    "records": [
      {
        "tag": "issue",
        "value": "letsencrypt.org",
        "known": true
      },
      {
        "tag": "issuewild",
        "value": ";",
        "known": true
      }
    ],
    "issue": {
      "cas": [
        "letsencrypt.org"
      ]
    },
    "wildcard": {
      "cas": []
    },
    "dnssec": {
      "state": "secure",
      "zone": "example.com.",
      "algorithm": "ECDSAP256SHA256"
    }
  },
  "spf": {
    "name": "www.example.com.",
    "server": {
      "ip": "192.0.2.53",
      "port": 53
    },
    "record": "v=spf1 include:_spf.example.net mx exists:%{i}.x.example.com a:gone.example.com ptr -all",
    "terms": [
      {
        "term": "include:_spf.example.net",
        "kind": "include",
        "lookup": 1,
        "target": "_spf.example.net.",
        "record": "v=spf1 ip4:192.0.2.0/24 ~all",
        "terms": [
          {
            "term": "ip4:192.0.2.0/24",
            "kind": "ip4"
          },
          {
            "term": "~all",
            "kind": "all"
          }
        ]
      },
      {
        "term": "mx",
        "kind": "mx",
        "lookup": 2,
        "target": "www.example.com.",
        "found": [
          "mail.example.com."
        ]
      },
      {
        "term": "exists:%{i}.x.example.com",
        "kind": "exists",
        "lookup": 3,
        "target": "%{i}.x.example.com",
        "sender": true
      },
      {
        "term": "a:gone.example.com",
        "kind": "a",
        "lookup": 4,
        "target": "gone.example.com.",
        "void": true,
        "problem": "lookup 3 to find nothing, past the limit of 2",
        "fatal": true
      },
      {
        "term": "ptr",
        "kind": "ptr",
        "lookup": 5,
        "sender": true,
        "problem": "it rests on the sender's reverse zone"
      },
      {
        "term": "-all",
        "kind": "all"
      },
      {
        "term": "redirect=never.example.net",
        "kind": "redirect",
        "unreached": true
      }
    ],
    "lookups": 5,
    "void": 1,
    "cut": true,
    "result": "undecided",
    "why": "the budget ran out"
  },
  "mail": {
    "name": "www.example.com.",
    "mx": {
      "name": "www.example.com.",
      "alias": "example.com.",
      "dnssec": {
        "state": "secure",
        "zone": "example.com.",
        "algorithm": "ECDSAP256SHA256"
      }
    },
    "hosts": [
      {
        "name": "mx.example.com.",
        "preference": 10,
        "address": {
          "name": "mx.example.com.",
          "dnssec": {
            "state": "secure",
            "zone": "example.com."
          }
        },
        "tlsa": {
          "name": "_25._tcp.mx.example.com.",
          "dnssec": {
            "state": "secure",
            "zone": "example.com."
          }
        },
        "records": [
          {
            "usage": 3,
            "selector": 1,
            "matching": 1,
            "data": "e41cc763",
            "usable": true
          }
        ],
        "dane": "dane",
        "why": "a sender has to see a certificate that matches"
      },
      {
        "name": "backup.example.net.",
        "preference": 20,
        "address": {
          "name": "backup.example.net.",
          "error": "SERVFAIL"
        },
        "dane": "unreachable",
        "why": "its addresses could not be looked up: SERVFAIL"
      }
    ],
    "mta_sts": {
      "name": "_mta-sts.www.example.com.",
      "lookup": {
        "name": "_mta-sts.www.example.com."
      },
      "found": "published",
      "record": "v=STSv1; id=20240101",
      "tags": [
        {
          "name": "v",
          "value": "STSv1"
        },
        {
          "name": "id",
          "value": "20240101"
        }
      ]
    },
    "tls_rpt": {
      "name": "_smtp._tls.www.example.com.",
      "lookup": {
        "name": "_smtp._tls.www.example.com."
      },
      "found": "none"
    },
    "dmarc": {
      "name": "_dmarc.example.com.",
      "lookup": {
        "name": "_dmarc.example.com."
      },
      "found": "invalid",
      "why": "2 records begin v=DMARC1, and a sender reads that as none"
    },
    "stopped": "the budget ran out before every lookup was made"
  },
  "service_path": {
    "name": "www.example.com.",
    "type": "HTTPS",
    "chain": [
      {
        "lookup": {
          "name": "www.example.com.",
          "dnssec": {
            "state": "secure",
            "zone": "example.com."
          }
        },
        "records": [
          {
            "name": "www.example.com.",
            "ttl": 300,
            "type": "HTTPS",
            "data": "0 cdn.example.net.",
            "service": {
              "priority": 0,
              "target": "cdn.example.net."
            }
          }
        ]
      },
      {
        "lookup": {
          "name": "cdn.example.net.",
          "dnssec": {
            "state": "insecure",
            "zone": "example.net."
          }
        },
        "records": [
          {
            "name": "cdn.example.net.",
            "ttl": 300,
            "type": "HTTPS",
            "data": "1 edge.example.net. alpn=\"h3\" port=\"8443\" ipv4hint=\"192.0.2.1\" ech=\"AEX+DQBBAAA=\"",
            "service": {
              "priority": 1,
              "target": "edge.example.net.",
              "alpn": [
                "h3"
              ],
              "port": 8443,
              "hints": [
                "192.0.2.1"
              ],
              "ech": true
            }
          }
        ]
      }
    ],
    "targets": [
      {
        "name": "edge.example.net.",
        "priority": 1,
        "ipv4": {
          "name": "edge.example.net.",
          "dnssec": {
            "state": "insecure",
            "zone": "example.net."
          }
        },
        "ipv6": {
          "name": "edge.example.net.",
          "error": "SERVFAIL"
        },
        "addrs": [
          "203.0.113.7"
        ],
        "hints": [
          "192.0.2.1"
        ],
        "stray": [
          "192.0.2.1"
        ]
      }
    ]
  },
  "registration": {
    "domain": "example.com.",
    "server": "https://rdap.verisign.com/com/v1/",
    "state": "registered",
    "registered": "1995-08-14T04:00:00Z",
    "expires": "2026-08-13T04:00:00Z",
    "status": [
      "client delete prohibited",
      "client transfer prohibited"
    ],
    "ns": [
      "a.iana-servers.net.",
      "b.iana-servers.net."
    ],
    "ds": [
      370
    ],
    "signed": true,
    "parent": "com.",
    "ns_only_registry": [
      "b.iana-servers.net."
    ],
    "ns_only_parent": [
      "c.iana-servers.net."
    ],
    "ds_checked": true,
    "ds_only_registry": [
      370
    ],
    "ds_only_parent": [
      2371
    ]
  },
  "propagation": {
    "zone": "example.com.",
    "waits": [
      {
        "change": "answer",
        "seconds": 300,
        "type": "A",
        "held": [
          {
            "zone": "example.com.",
            "ttl": 300
          }
        ]
      },
      {
        "change": "denial",
        "seconds": 900,
        "type": "SOA",
        "held": [
          {
            "zone": "example.com.",
            "ttl": 3600
          },
          {
            "zone": "example.com.",
            "ttl": 900,
            "field": "minimum"
          }
        ]
      },
      {
        "change": "nameservers",
        "seconds": 172800,
        "type": "NS",
        "held": [
          {
            "zone": "com.",
            "ttl": 172800
          },
          {
            "zone": "example.com.",
            "ttl": 3600
          }
        ]
      }
    ]
  },
  "check": {
    "zone": "example.com.",
    "areas": [
      {
        "area": "answer",
        "grade": "passed",
        "text": "www.example.com. A is 93.184.216.34"
      },
      {
        "area": "delegation",
        "grade": "look",
        "text": "example.com. lists c.iana-servers.net., which the delegation does not carry",
        "more": 1
      },
      {
        "area": "dnssec",
        "grade": "broken",
        "text": "the chain of trust breaks at example.com."
      },
      {
        "area": "strangers",
        "grade": "skipped",
        "text": "not asked; --check-axfr and --check-recursion probe the nameservers"
      }
    ]
  }
}
